I'm sorry, but errors were detected in your script. Please correct the
errors listed below, and try again.


File "game/script.rpy", line 4: python block expects a non-empty block.
    init python:
                ^

Ren'Py Version: Ren'Py 7.4.10.2178
Thu Nov 25 17:03:38 2021
